// Jest Snapshot v1, https://goo.gl/fbAQLP

exports[`<List /> snapshot - no suggestion list 1`] = `null`;

exports[`<List /> snapshot - suggestion list closed 1`] = `null`;

exports[`<List /> snapshot - suggestion list open (index 1) 1`] = `
<ul
  className="dropdown-menu"
  style={
    Object {
      "cursor": "pointer",
      "display": "block",
      "maxHeight": 250,
      "minWidth": 30,
      "overflow": "auto",
      "width": "inherit",
    }
  }
>
  <li
    onClick={[Function]}
    onMouseEnter={[Function]}
    style={
      Object {
        "backgroundColor": false,
      }
    }
  >
    <a>
      locellus
    </a>
  </li>
  <li
    onClick={[Function]}
    onMouseEnter={[Function]}
    style={
      Object {
        "backgroundColor": "#f5f5f5",
      }
    }
  >
    <a>
      Lydian
    </a>
  </li>
  <li
    onClick={[Function]}
    onMouseEnter={[Function]}
    style={
      Object {
        "backgroundColor": false,
      }
    }
  >
    <a>
      warray
    </a>
  </li>
</ul>
`;

exports[`<List /> snapshot - suggestion list open 1`] = `
<ul
  className="dropdown-menu"
  style={
    Object {
      "cursor": "pointer",
      "display": "block",
      "maxHeight": 250,
      "minWidth": 30,
      "overflow": "auto",
      "width": "inherit",
    }
  }
>
  <li
    onClick={[Function]}
    onMouseEnter={[Function]}
    style={
      Object {
        "backgroundColor": "#f5f5f5",
      }
    }
  >
    <a>
      locellus
    </a>
  </li>
  <li
    onClick={[Function]}
    onMouseEnter={[Function]}
    style={
      Object {
        "backgroundColor": false,
      }
    }
  >
    <a>
      Lydian
    </a>
  </li>
  <li
    onClick={[Function]}
    onMouseEnter={[Function]}
    style={
      Object {
        "backgroundColor": false,
      }
    }
  >
    <a>
      warray
    </a>
  </li>
</ul>
`;

exports[`<List /> snapshot 1`] = `null`;
