// Jest Snapshot v1, https://goo.gl/fbAQLP

exports[`<List /> snapshot - no suggestion list 1`] = `null`;

exports[`<List /> snapshot - suggestion list closed 1`] = `null`;

exports[`<List /> snapshot - suggestion list open (index 1) 1`] = `
<ul
  className="dropdown-menu ss-list"
>
  <li
    className=""
    onClick={[Function]}
    onMouseEnter={[Function]}
  >
    <a>
      locellus
    </a>
  </li>
  <li
    className="ss-over-item"
    onClick={[Function]}
    onMouseEnter={[Function]}
  >
    <a>
      Lydian
    </a>
  </li>
  <li
    className=""
    onClick={[Function]}
    onMouseEnter={[Function]}
  >
    <a>
      warray
    </a>
  </li>
</ul>
`;

exports[`<List /> snapshot - suggestion list open 1`] = `
<ul
  className="dropdown-menu ss-list"
>
  <li
    className="ss-over-item"
    onClick={[Function]}
    onMouseEnter={[Function]}
  >
    <a>
      locellus
    </a>
  </li>
  <li
    className=""
    onClick={[Function]}
    onMouseEnter={[Function]}
  >
    <a>
      Lydian
    </a>
  </li>
  <li
    className=""
    onClick={[Function]}
    onMouseEnter={[Function]}
  >
    <a>
      warray
    </a>
  </li>
</ul>
`;

exports[`<List /> snapshot 1`] = `null`;
